[36mvite v6.3.5 [32mbuilding for production...[36m[39m
transforming...
[32mΓ£ô[39m 2126 modules transformed.
node.exe : [31mΓ£ù[39m Build 
failed in 2.95s
At line:1 char:1
+ & "C:\Program 
Files\nodejs/node.exe" 
"C:\Users\Asus\AppData\Roaming\n ...
+ ~~~~~~~~~~~~~~~~~~~~~~~~~~~~~~~~~~~
~~~~~~~~~~~~~~~~~~~~~~~~~~~~~~~~~~
    + CategoryInfo          : NotSpe 
   cified: ([31mΓ£ù[39m Build fai  
  led in 2.95s:String) [], RemoteE   
 xception
    + FullyQualifiedErrorId : Native 
   CommandError
 
[31merror during build:
[31mCould not resolve entry module 
"react-router-dom".[31m
    at getRollupError (file:///D:/hrB
irdge/frontend/node_modules/rollup/di
st/es/shared/parseAst.js:402:41)
    at error (file:///D:/hrBirdge/fro
ntend/node_modules/rollup/dist/es/sha
red/parseAst.js:398:42)
    at ModuleLoader.loadEntryModule (
file:///D:/hrBirdge/frontend/node_mod
ules/rollup/dist/es/shared/node-entry
.js:21731:20)
    at async Promise.all (index 0)
    at async Promise.all (index 
0)[39m
